// Jest Snapshot v1, https://goo.gl/fbAQLP

exports[`Snapshot test 1`] = `[Function]`;
