// Jest Snapshot v1, https://goo.gl/fbAQLP

exports[`Footer Snapshot test 1`] = `[Function]`;
