// Jest Snapshot v1, https://goo.gl/fbAQLP

exports[`Page404 Snapshot test 1`] = `[Function]`;
